{
  "manifestId": "MAN-TR-2024-0001",
  "generatedAt": "2024-02-01T12:00:00Z",
  "version": "0.1.0",
  "stats": {
    "objectives": {
      "total": 5,
      "covered": 2,
      "partial": 2,
      "missing": 1
    },
    "requirements": {
      "total": 3
    },
    "tests": {
      "total": 4,
      "passed": 2,
      "failed": 1,
      "skipped": 1
    },
    "codePaths": {
      "total": 2
    }
  },
  "objectives": [
    {
      "id": "A-3-04",
      "status": "partial",
      "table": "A-3",
      "name": "Doğrulama Stratejisi",
      "desc": "Gözden geçirme, analiz ve test stratejisi ve kriterleri tanımlı.",
      "satisfiedArtifacts": [
        "Plan"
      ],
      "missingArtifacts": [
        "Gözden Geçirme"
      ],
      "evidenceRefs": [
        "plan:docs/verification-plan.md"
      ]
    },
    {
      "id": "A-4-01",
      "status": "partial",
      "table": "A-4",
      "name": "Üst Düzey Gereksinimler",
      "desc": "HLR doğru, tutarlı, izlenebilir ve test edilebilir.",
      "satisfiedArtifacts": [
        "Analiz",
        "İzlenebilirlik"
      ],
      "missingArtifacts": [
        "Gözden Geçirme"
      ],
      "evidenceRefs": [
        "analysis:reports/safety-analysis.pdf",
        "trace:artifacts/trace-map.csv"
      ]
    },
    {
      "id": "A-5-06",
      "status": "covered",
      "table": "A-5",
      "name": "Test Stratejisi Uygulandı",
      "desc": "Gereksinim-tabanlı testler koşuldu; sonuçlar kaydedildi.",
      "satisfiedArtifacts": [
        "Test",
        "İzlenebilirlik",
        "Analiz"
      ],
      "missingArtifacts": [],
      "evidenceRefs": [
        "test:reports/junit.xml",
        "trace:artifacts/trace-map.csv",
        "analysis:reports/safety-analysis.pdf"
      ]
    },
    {
      "id": "A-5-08",
      "status": "covered",
      "table": "A-5",
      "name": "Yapısal Kapsam—Statement",
      "desc": "Kod satır kapsamı ölçüldü ve açıklandı.",
      "satisfiedArtifacts": [
        "Satır Kapsamı",
        "Analiz"
      ],
      "missingArtifacts": [],
      "evidenceRefs": [
        "coverage_stmt:reports/coverage-summary.json",
        "analysis:reports/safety-analysis.pdf"
      ]
    },
    {
      "id": "A-6-02",
      "status": "missing",
      "table": "A-6",
      "name": "Değişiklik Kontrolü",
      "desc": "Değişiklikler onaylı, izlenebilir ve kayıtlı.",
      "satisfiedArtifacts": [],
      "missingArtifacts": [
        "Konfigürasyon Kaydı",
        "Problem Raporu"
      ],
      "evidenceRefs": []
    }
  ],
  "requirementCoverage": [
    {
      "requirementId": "REQ-AUTH-1",
      "title": "Çok faktörlü giriş sağlamalı",
      "status": "partial",
      "coverage": {
        "statements": {
          "covered": 44,
          "total": 64,
          "percentage": 68.75
        },
        "branches": {
          "covered": 18,
          "total": 28,
          "percentage": 64.29
        },
        "functions": {
          "covered": 12,
          "total": 18,
          "percentage": 66.67
        }
      },
      "codePaths": [
        "src/auth/login.ts",
        "src/security/audit.ts"
      ]
    },
    {
      "requirementId": "REQ-AUTH-2",
      "title": "Başarısız girişler kaydedilmeli",
      "status": "partial",
      "coverage": {
        "statements": {
          "covered": 44,
          "total": 64,
          "percentage": 68.75
        },
        "branches": {
          "covered": 18,
          "total": 28,
          "percentage": 64.29
        },
        "functions": {
          "covered": 12,
          "total": 18,
          "percentage": 66.67
        }
      },
      "codePaths": [
        "src/auth/login.ts",
        "src/security/audit.ts"
      ]
    },
    {
      "requirementId": "REQ-AUTH-3",
      "title": "Giriş ihlallerinde uyarı gönderilmeli",
      "status": "missing",
      "coverage": {},
      "codePaths": []
    }
  ],
  "git": {
    "hash": "1234567890abcdef1234567890abcdef12345678",
    "author": "Example Dev",
    "date": "2024-02-01T09:00:00Z",
    "message": "Add avionics tests",
    "branches": [
      "main"
    ],
    "tags": [
      "v1.0.0"
    ],
    "dirty": false,
    "remoteOrigins": [
      "https://example.com/repo.git"
    ]
  }
}