<!DOCTYPE html>
<html lang="tr">
  <head>
    <meta charset="utf-8" />
    <title>Kurumsal Uyum Matrisi</title>
    <style>
      
  :root {
    color-scheme: light;
    font-family: 'Inter', 'Segoe UI', Arial, sans-serif;
  }

  body {
    margin: 0;
    background: #f3f5f9;
    color: #0f172a;
  }

  .report-header {
    background: linear-gradient(135deg, #0f172a, #1d2b64);
    color: #f8fafc;
    padding: 32px 48px;
    display: flex;
    justify-content: space-between;
    align-items: flex-start;
    gap: 24px;
  }

  .report-header h1 {
    margin: 0 0 8px;
    font-size: 28px;
    font-weight: 600;
  }

  .report-meta {
    margin: 0;
    font-size: 14px;
    opacity: 0.9;
    word-break: break-word;
    line-height: 1.4;
  }

  .report-meta + .report-meta {
    margin-top: 4px;
  }

  .report-meta-flag {
    display: inline-flex;
    align-items: center;
    margin-left: 8px;
    padding: 2px 8px;
    border-radius: 999px;
    background: rgba(248, 113, 113, 0.35);
    color: #fee2e2;
    font-weight: 600;
    text-transform: uppercase;
    letter-spacing: 0.04em;
  }

  .git-meta {
    margin-top: 16px;
    display: grid;
    gap: 4px;
  }

  .summary-grid {
    display: grid;
    grid-template-columns: repeat(auto-fit, minmax(160px, 1fr));
    gap: 12px;
  }

  .summary-card {
    background: rgba(15, 23, 42, 0.35);
    border-radius: 12px;
    padding: 12px 16px;
    display: flex;
    flex-direction: column;
    gap: 4px;
  }

  .summary-card strong {
    font-size: 18px;
    font-weight: 600;
  }

  main {
    padding: 32px 48px 48px;
  }

  .section {
    background: #ffffff;
    border-radius: 16px;
    box-shadow: 0 12px 40px rgba(15, 23, 42, 0.08);
    padding: 24px 28px;
    margin-bottom: 32px;
  }

  .section h2 {
    margin-top: 0;
    font-size: 20px;
    color: #1e293b;
  }

  .section-lead {
    color: #475569;
    margin-bottom: 16px;
  }

  table {
    width: 100%;
    border-collapse: collapse;
  }

  th {
    text-align: left;
    font-size: 12px;
    text-transform: uppercase;
    letter-spacing: 0.08em;
    color: #475569;
    border-bottom: 2px solid #e2e8f0;
    padding: 12px;
  }

  td {
    border-bottom: 1px solid #e2e8f0;
    padding: 14px 12px;
    vertical-align: top;
  }

  .cell-title {
    font-weight: 600;
    color: #0f172a;
  }

  .cell-subtitle {
    font-size: 13px;
    color: #334155;
    margin-top: 4px;
  }

  .cell-description {
    color: #475569;
    font-size: 13px;
    margin-top: 8px;
  }

  .badge {
    display: inline-flex;
    align-items: center;
    gap: 6px;
    border-radius: 999px;
    padding: 4px 12px;
    font-size: 12px;
    font-weight: 500;
    background: #e2e8f0;
    color: #0f172a;
    margin-right: 6px;
    margin-bottom: 6px;
  }

  .badge-soft {
    background: rgba(15, 23, 42, 0.08);
  }

  .badge-critical {
    background: #fee2e2;
    color: #991b1b;
  }

  .status-covered {
    background: #dcfce7;
    color: #166534;
  }

  .status-partial {
    background: #fef9c3;
    color: #854d0e;
  }

  .status-missing {
    background: #fee2e2;
    color: #991b1b;
  }

  .muted {
    color: #64748b;
    font-size: 13px;
  }

  .list {
    list-style: none;
    padding-left: 0;
    margin: 0;
    display: grid;
    gap: 12px;
  }

  .code-pill {
    display: inline-block;
    padding: 4px 10px;
    background: #eef2ff;
    color: #312e81;
    border-radius: 8px;
    font-size: 12px;
    margin-right: 6px;
    margin-bottom: 6px;
  }

  .gap-grid {
    display: grid;
    gap: 16px;
    grid-template-columns: repeat(auto-fit, minmax(220px, 1fr));
  }

  .gap-card {
    border: 1px solid #e2e8f0;
    border-radius: 12px;
    padding: 16px;
    min-height: 180px;
  }

  .gap-card h3 {
    margin-top: 0;
    font-size: 16px;
    color: #1e293b;
  }

  footer {
    padding: 0 48px 32px;
    color: #475569;
    font-size: 13px;
    display: flex;
    justify-content: space-between;
  }

  @media print {
    body {
      background: #ffffff;
    }

    footer {
      display: none;
    }
  }

      @page {
        margin: 25mm 20mm;
        size: A4;
      }
    </style>
  </head>
  <body>
    <header class="report-header">
      <div>
        <h1>Kurumsal Uyum Matrisi</h1>
          <p class="report-meta">Denetlenebilir uyum için kanıt özet matrisi</p>
        <p class="report-meta">Kanıt Manifest ID: <strong>MAN-TR-2024-0001</strong></p>
        <p class="report-meta">Rapor Tarihi: 2024-02-01 12:00 UTC</p>
          <div class="git-meta">
            <p class="report-meta">
              Commit:
              <strong>
                <abbr title="1234567890abcdef1234567890abcdef12345678">1234567890ab</abbr>
              </strong>
            </p>
              <p class="report-meta">Dallar: main</p>
              <p class="report-meta">Etiketler: v1.0.0</p>
              <p class="report-meta">Origin: https://example.com/repo.git</p>
              <p class="report-meta">Yazar: Example Dev • 2024-02-01 09:00 UTC</p>
              <p class="report-meta">Mesaj: Add avionics tests</p>
          </div>
      </div>
      <div class="summary-grid">
          <div class="summary-card">
            <span>Hedefler</span>
            <strong>5</strong>
          </div>
          <div class="summary-card">
            <span>Tamamlanan</span>
            <strong>1</strong>
          </div>
          <div class="summary-card">
            <span>Kısmi</span>
            <strong>3</strong>
          </div>
          <div class="summary-card">
            <span>Eksik</span>
            <strong>1</strong>
          </div>
          <div class="summary-card">
            <span>Testler</span>
            <strong>4</strong>
          </div>
          <div class="summary-card">
            <span>Kod Yolları</span>
            <strong>2</strong>
          </div>
          <div class="summary-card">
            <span>Kapsamlı Gereksinimler</span>
            <strong>0/3</strong>
          </div>
          <div class="summary-card">
            <span>Eksik/Kısmi Kapsam</span>
            <strong>2/1</strong>
          </div>
      </div>
    </header>
    <main>
      <section class="section">
    <h2>Uyum Matrisi</h2>
    <p class="section-lead">
      Hedeflerin kanıt durumunu gösteren kurumsal görünüm. Her satır bir uyumluluk hedefini, sağlanan kanıtları ve açık kalan boşlukları özetler.
    </p>
    <table>
      <thead>
        <tr>
          <th>Hedef</th>
          <th>Durum</th>
          <th>Sağlanan Kanıtlar</th>
          <th>Eksik Kanıtlar</th>
          <th>Kanıt Referansları</th>
        </tr>
      </thead>
      <tbody>
          <tr>
            <td>
              <div class="cell-title">A-3-04</div>
                <div class="cell-subtitle">
A-3 • Doğrulama Stratejisi                </div>
                <div class="cell-description">Gözden geçirme, analiz ve test stratejisi ve kriterleri tanımlı.</div>
            </td>
            <td><span class="badge status-partial">Kısmen Karşılandı</span></td>
            <td>
                  <span class="badge badge-soft">Plan</span>
            </td>
            <td>
                  <span class="badge badge-critical">Gözden Geçirme</span>
            </td>
            <td>
                <ul class="list">
                    <li class="muted">plan:docs/verification-plan.md</li>
                </ul>
            </td>
          </tr>
          <tr>
            <td>
              <div class="cell-title">A-4-01</div>
                <div class="cell-subtitle">
A-4 • Üst Düzey Gereksinimler                </div>
                <div class="cell-description">HLR doğru, tutarlı, izlenebilir ve test edilebilir.</div>
            </td>
            <td><span class="badge status-partial">Kısmen Karşılandı</span></td>
            <td>
                  <span class="badge badge-soft">Analiz</span>
                  <span class="badge badge-soft">İzlenebilirlik</span>
            </td>
            <td>
                  <span class="badge badge-critical">Gözden Geçirme</span>
            </td>
            <td>
                <ul class="list">
                    <li class="muted">analysis:reports/safety-analysis.pdf</li>
                    <li class="muted">trace:artifacts/trace-map.csv</li>
                </ul>
            </td>
          </tr>
          <tr>
            <td>
              <div class="cell-title">A-5-06</div>
                <div class="cell-subtitle">
A-5 • Test Stratejisi Uygulandı                </div>
                <div class="cell-description">Gereksinim-tabanlı testler koşuldu; sonuçlar kaydedildi.</div>
            </td>
            <td><span class="badge status-covered">Tam Karşılandı</span></td>
            <td>
                  <span class="badge badge-soft">Test</span>
                  <span class="badge badge-soft">İzlenebilirlik</span>
                  <span class="badge badge-soft">Analiz</span>
            </td>
            <td>
                <span class="muted">Eksik kanıt yok</span>
            </td>
            <td>
                <ul class="list">
                    <li class="muted">test:reports/junit.xml</li>
                    <li class="muted">trace:artifacts/trace-map.csv</li>
                    <li class="muted">analysis:reports/safety-analysis.pdf</li>
                </ul>
            </td>
          </tr>
          <tr>
            <td>
              <div class="cell-title">A-5-08</div>
                <div class="cell-subtitle">
A-5 • Yapısal Kapsam—Statement                </div>
                <div class="cell-description">Kod satır kapsamı ölçüldü ve açıklandı.</div>
            </td>
            <td><span class="badge status-partial">Kısmen Karşılandı</span></td>
            <td>
                  <span class="badge badge-soft">Satır Kapsamı</span>
                  <span class="badge badge-soft">Analiz</span>
            </td>
            <td>
                  <span class="badge badge-critical">Satır Kapsamı</span>
            </td>
            <td>
                <ul class="list">
                    <li class="muted">coverage_stmt:reports/coverage-summary.json</li>
                    <li class="muted">analysis:reports/safety-analysis.pdf</li>
                </ul>
            </td>
          </tr>
          <tr>
            <td>
              <div class="cell-title">A-6-02</div>
                <div class="cell-subtitle">
A-6 • Değişiklik Kontrolü                </div>
                <div class="cell-description">Değişiklikler onaylı, izlenebilir ve kayıtlı.</div>
            </td>
            <td><span class="badge status-missing">Eksik</span></td>
            <td>
                <span class="muted">Kanıt bulunmuyor</span>
            </td>
            <td>
                  <span class="badge badge-critical">Konfigürasyon Kaydı</span>
                  <span class="badge badge-critical">Problem Raporu</span>
            </td>
            <td>
                <span class="muted">Referans bulunmuyor</span>
            </td>
          </tr>
      </tbody>
    </table>
  </section>
    <section class="section">
      <h2>Gereksinim Kapsamı</h2>
      <p class="section-lead">
        Testler ve kod izleri ile ilişkilendirilen gereksinimlerin kapsam durumunu gösterir. Yetersiz kapsama sahip alanları hızla tespit etmeyi sağlar.
      </p>
      <table>
        <thead>
          <tr>
            <th>Gereksinim</th>
            <th>Kapsam Durumu</th>
            <th>Kod Dosyaları</th>
          </tr>
        </thead>
        <tbody>
            <tr>
              <td>
                <div class="cell-title">REQ-AUTH-1</div>
                <div class="cell-description">Çok faktörlü giriş sağlamalı</div>
              </td>
              <td>
                <span class="badge status-partial">Kısmen Kaplandı</span>
                  <div class="muted">Satır: 68.75% | Dallanma: 64.29% | Fonksiyon: 66.67%</div>
              </td>
              <td>
                  <ul class="list">
                      <li><code class="code-pill">src/auth/login.ts</code></li>
                      <li><code class="code-pill">src/security/audit.ts</code></li>
                  </ul>
              </td>
            </tr>
            <tr>
              <td>
                <div class="cell-title">REQ-AUTH-2</div>
                <div class="cell-description">Başarısız girişler kaydedilmeli</div>
              </td>
              <td>
                <span class="badge status-partial">Kısmen Kaplandı</span>
                  <div class="muted">Satır: 68.75% | Dallanma: 64.29% | Fonksiyon: 66.67%</div>
              </td>
              <td>
                  <ul class="list">
                      <li><code class="code-pill">src/auth/login.ts</code></li>
                      <li><code class="code-pill">src/security/audit.ts</code></li>
                  </ul>
              </td>
            </tr>
            <tr>
              <td>
                <div class="cell-title">REQ-AUTH-3</div>
                <div class="cell-description">Giriş ihlallerinde uyarı gönderilmeli</div>
              </td>
              <td>
                <span class="badge status-missing">Kapsam Yok</span>
              </td>
              <td>
                  <span class="muted">Kod bağlantısı yok</span>
              </td>
            </tr>
        </tbody>
      </table>
    </section>

    </main>
    <footer>
      <span>SOIPack Sürüm 0.1.0</span>
      <span>Sayfa numarası PDF çıktısında görüntülenecektir.</span>
    </footer>
  </body>
</html>