<!DOCTYPE html>
<html lang="tr">
  <head>
    <meta charset="utf-8" />
    <title>Uyum Boşlukları</title>
    <style>
      
  :root {
    color-scheme: light;
    font-family: 'Inter', 'Segoe UI', Arial, sans-serif;
  }

  body {
    margin: 0;
    background: #f3f5f9;
    color: #0f172a;
  }

  .report-header {
    background: linear-gradient(135deg, #0f172a, #1d2b64);
    color: #f8fafc;
    padding: 32px 48px;
    display: flex;
    justify-content: space-between;
    align-items: flex-start;
    gap: 24px;
  }

  .report-header h1 {
    margin: 0 0 8px;
    font-size: 28px;
    font-weight: 600;
  }

  .report-meta {
    margin: 0;
    font-size: 14px;
    opacity: 0.9;
  }

  .summary-grid {
    display: grid;
    grid-template-columns: repeat(auto-fit, minmax(160px, 1fr));
    gap: 12px;
  }

  .summary-card {
    background: rgba(15, 23, 42, 0.35);
    border-radius: 12px;
    padding: 12px 16px;
    display: flex;
    flex-direction: column;
    gap: 4px;
  }

  .summary-card strong {
    font-size: 18px;
    font-weight: 600;
  }

  main {
    padding: 32px 48px 48px;
  }

  .section {
    background: #ffffff;
    border-radius: 16px;
    box-shadow: 0 12px 40px rgba(15, 23, 42, 0.08);
    padding: 24px 28px;
    margin-bottom: 32px;
  }

  .section h2 {
    margin-top: 0;
    font-size: 20px;
    color: #1e293b;
  }

  .section-lead {
    color: #475569;
    margin-bottom: 16px;
  }

  table {
    width: 100%;
    border-collapse: collapse;
  }

  th {
    text-align: left;
    font-size: 12px;
    text-transform: uppercase;
    letter-spacing: 0.08em;
    color: #475569;
    border-bottom: 2px solid #e2e8f0;
    padding: 12px;
  }

  td {
    border-bottom: 1px solid #e2e8f0;
    padding: 14px 12px;
    vertical-align: top;
  }

  .cell-title {
    font-weight: 600;
    color: #0f172a;
  }

  .cell-subtitle {
    font-size: 13px;
    color: #334155;
    margin-top: 4px;
  }

  .cell-description {
    color: #475569;
    font-size: 13px;
    margin-top: 8px;
  }

  .badge {
    display: inline-flex;
    align-items: center;
    gap: 6px;
    border-radius: 999px;
    padding: 4px 12px;
    font-size: 12px;
    font-weight: 500;
    background: #e2e8f0;
    color: #0f172a;
    margin-right: 6px;
    margin-bottom: 6px;
  }

  .badge-soft {
    background: rgba(15, 23, 42, 0.08);
  }

  .badge-critical {
    background: #fee2e2;
    color: #991b1b;
  }

  .status-covered {
    background: #dcfce7;
    color: #166534;
  }

  .status-partial {
    background: #fef9c3;
    color: #854d0e;
  }

  .status-missing {
    background: #fee2e2;
    color: #991b1b;
  }

  .muted {
    color: #64748b;
    font-size: 13px;
  }

  .list {
    list-style: none;
    padding-left: 0;
    margin: 0;
    display: grid;
    gap: 12px;
  }

  .code-pill {
    display: inline-block;
    padding: 4px 10px;
    background: #eef2ff;
    color: #312e81;
    border-radius: 8px;
    font-size: 12px;
    margin-right: 6px;
    margin-bottom: 6px;
  }

  .gap-grid {
    display: grid;
    gap: 16px;
    grid-template-columns: repeat(auto-fit, minmax(220px, 1fr));
  }

  .gap-card {
    border: 1px solid #e2e8f0;
    border-radius: 12px;
    padding: 16px;
    min-height: 180px;
  }

  .gap-card h3 {
    margin-top: 0;
    font-size: 16px;
    color: #1e293b;
  }

  footer {
    padding: 0 48px 32px;
    color: #475569;
    font-size: 13px;
    display: flex;
    justify-content: space-between;
  }

  @media print {
    body {
      background: #ffffff;
    }

    footer {
      display: none;
    }
  }

      @page {
        margin: 25mm 20mm;
        size: A4;
      }
    </style>
  </head>
  <body>
    <header class="report-header">
      <div>
        <h1>Uyum Boşlukları</h1>
        
          <p class="report-meta">Kanıt eksikliği bulunan alanların özet görünümü</p>
        
        <p class="report-meta">Kanıt Manifest ID: <strong>MAN-TR-2024-0001</strong></p>
        <p class="report-meta">Rapor Tarihi: 2024-02-01 12:00 UTC</p>
      </div>
      <div class="summary-grid">
        
          <div class="summary-card">
            <span>Plan Boşlukları</span>
            <strong>1</strong>
          </div>
        
          <div class="summary-card">
            <span>Standart Boşlukları</span>
            <strong>1</strong>
          </div>
        
          <div class="summary-card">
            <span>Test Boşlukları</span>
            <strong>1</strong>
          </div>
        
          <div class="summary-card">
            <span>Kapsam Boşlukları</span>
            <strong>0</strong>
          </div>
        
      </div>
    </header>
    <main>
      <section class="section">
    <h2>Uyum Boşlukları</h2>
    <p class="section-lead">
      Kanıt eksikliklerini kategori bazında gösterir. Boşluklar denetim öncesi tamamlanması gereken alanları belirtir.
    </p>
    <div class="gap-grid">
      
        <article class="gap-card">
          <h3>Planlama Kanıtları</h3>
          
            <ul class="list">
              
                <li>
                  <div class="cell-title">OBJ-PLAN-1</div>
                  
                    <div class="cell-subtitle">Plans</div>
                  
                  
                    <div class="cell-description">PSAC ve SDP tutarlılığı doğrulanmalı.</div>
                  
                  <div>
                    
                      <span class="badge badge-critical">SDP</span>
                    
                  </div>
                </li>
              
            </ul>
          
        </article>
      
        <article class="gap-card">
          <h3>Standart &amp; Konfigürasyon</h3>
          
            <ul class="list">
              
                <li>
                  <div class="cell-title">OBJ-STND-1</div>
                  
                    <div class="cell-subtitle">Standards</div>
                  
                  
                    <div class="cell-description">Konfigürasyon indeksinin güncelliği izlenmeli.</div>
                  
                  <div>
                    
                      <span class="badge badge-critical">Konfigürasyon İndeksi</span>
                    
                  </div>
                </li>
              
            </ul>
          
        </article>
      
        <article class="gap-card">
          <h3>Test Kanıtları</h3>
          
            <ul class="list">
              
                <li>
                  <div class="cell-title">OBJ-VER-1</div>
                  
                    <div class="cell-subtitle">Verification</div>
                  
                  
                    <div class="cell-description">Test sonuçları ve izlenebilirlik kanıtlanmalı.</div>
                  
                  <div>
                    
                      <span class="badge badge-critical">İzlenebilirlik</span>
                    
                  </div>
                </li>
              
            </ul>
          
        </article>
      
        <article class="gap-card">
          <h3>Kapsam Kanıtları</h3>
          
            <p class="muted">Boşluk tespit edilmedi.</p>
          
        </article>
      
    </div>
  </section>
    </main>
    <footer>
      <span>SOIPack Sürüm 0.1.0</span>
      <span>Sayfa numarası PDF çıktısında görüntülenecektir.</span>
    </footer>
  </body>
</html>