Requirement ID,Requirement Title,Requirement Status,Requirement Coverage Status,Requirement Coverage,Design ID,Design Name,Design Status,Code Path,Code Coverage,Test ID,Test Name,Test Status
REQ-AUTH-1,Çok faktörlü giriş sağlamalı,approved,Kısmen Kaplandı,Satır: 68.75% | Dallanma: 64.29% | Fonksiyon: 66.67% | MC/DC: 62.5%,DES-AUTH-API,Kimlik Doğrulama Tasarımı,Onaylandı,src/auth/login.ts,Satır: 87.5% | Dallanma: 75% | Fonksiyon: 80% | MC/DC: 75%,TC-LOGIN-1,geçerli kullanıcı giriş yapabilmeli,Başarılı
REQ-AUTH-1,Çok faktörlü giriş sağlamalı,approved,Kısmen Kaplandı,Satır: 68.75% | Dallanma: 64.29% | Fonksiyon: 66.67% | MC/DC: 62.5%,DES-AUTH-API,Kimlik Doğrulama Tasarımı,Onaylandı,src/auth/login.ts,Satır: 87.5% | Dallanma: 75% | Fonksiyon: 80% | MC/DC: 75%,TC-LOGIN-2,başarısız girişler kilitlenmeli,Başarısız
REQ-AUTH-2,Başarısız girişler kaydedilmeli,verified,Kısmen Kaplandı,Satır: 68.75% | Dallanma: 64.29% | Fonksiyon: 66.67% | MC/DC: 62.5%,DES-AUDIT-PIPE,Audit Boru Hattı,Taslak,src/security/audit.ts,Satır: 50% | Dallanma: 50% | Fonksiyon: 50% | MC/DC: 50%,TC-LOGIN-2,başarısız girişler kilitlenmeli,Başarısız
REQ-AUTH-2,Başarısız girişler kaydedilmeli,verified,Kısmen Kaplandı,Satır: 68.75% | Dallanma: 64.29% | Fonksiyon: 66.67% | MC/DC: 62.5%,DES-AUDIT-PIPE,Audit Boru Hattı,Taslak,src/security/audit.ts,Satır: 50% | Dallanma: 50% | Fonksiyon: 50% | MC/DC: 50%,TC-AUDIT-1,denetim kayıtları oluşturulmalı,Başarılı
REQ-AUTH-3,Giriş ihlallerinde uyarı gönderilmeli,draft,Kapsam Yok,,,,,,,TC-AUDIT-2,uyarı bildirimleri gönderilmeli,Atlandı
